[0m11:21:56.650123 [debug] [MainThread]: Sending event: {'category': 'dbt', 'action': 'invocation', 'label': 'start', 'context': [<snowplow_tracker.self_describing_json.SelfDescribingJson object at 0x112778a40>, <snowplow_tracker.self_describing_json.SelfDescribingJson object at 0x113759eb0>, <snowplow_tracker.self_describing_json.SelfDescribingJson object at 0x113989e50>]}


============================== 11:21:56.664230 | b812b679-583d-4107-9583-4a8323a36c5c ==============================
[0m11:21:56.664230 [info ] [MainThread]: Running with dbt=1.12.3
[0m11:21:56.665952 [debug] [MainThread]: running dbt with arguments {'write_json': 'True', 'maximum_seed_size_mib': '1', 'empty': 'None', 'debug': 'False', 'use_experimental_parser': 'False', 'printer_width': '80', 'hints_enabled': 'True', 'introspect': 'True', 'fail_fast': 'False', 'static_parser': 'True', 'target_path': 'None', 'warn_error': 'None', 'log_format': 'default', 'log_path': 'logs', 'log_cache_events': 'False', 'version_check': 'True', 'profiles_dir': '/Users/tomzeng/.dbt', 'warn_error_options': 'WarnErrorOptionsV2(error=[], warn=[], silence=[])', 'indirect_selection': 'eager', 'no_print': 'None', 'invocation_command': 'dbt init citibike_dbt', 'use_colors': 'True', 'quiet': 'False', 'cache_selected_only': 'False', 'partial_parse': 'True', 'send_anonymous_usage_stats': 'True'}
[0m11:21:56.761200 [debug] [MainThread]: Starter project path: /Users/tomzeng/Desktop/DE_Bike_Project/citibike-data-platform/.venv/lib/python3.12/site-packages/dbt/include/starter_project
[0m11:21:56.784636 [info ] [MainThread]: Setting up your profile.
[0m11:22:41.490038 [debug] [MainThread]: Spark adapter: Setting pyhive.hive logging to ERROR
[0m11:22:41.491948 [debug] [MainThread]: Spark adapter: Setting thrift.transport logging to ERROR
[0m11:22:41.492517 [debug] [MainThread]: Spark adapter: Setting thrift.protocol logging to ERROR
[0m11:28:15.265301 [info ] [MainThread]: Profile citibike_dbt written to /Users/tomzeng/.dbt/profiles.yml using target's profile_template.yml and your supplied values.
[0m11:28:15.301910 [info ] [MainThread]: Running dbt debug to validate the project...
[0m11:28:15.303851 [info ] [MainThread]: dbt version: 1.12.3
[0m11:28:15.304616 [info ] [MainThread]: python version: 3.12.9
[0m11:28:15.305430 [info ] [MainThread]: python path: /Users/tomzeng/Desktop/DE_Bike_Project/citibike-data-platform/.venv/bin/python3
[0m11:28:15.306146 [info ] [MainThread]: os info: macOS-15.7.9-x86_64-i386-64bit
[0m11:28:15.404193 [info ] [MainThread]: Using profiles dir at /Users/tomzeng/.dbt
[0m11:28:15.404752 [info ] [MainThread]: Using profiles.yml file at /Users/tomzeng/.dbt/profiles.yml
[0m11:28:15.405147 [info ] [MainThread]: Using dbt_project.yml file at /Users/tomzeng/Desktop/DE_Bike_Project/citibike-data-platform/citibike_dbt/dbt_project.yml
[0m11:28:15.405575 [info ] [MainThread]: adapter type: databricks
[0m11:28:15.405912 [info ] [MainThread]: adapter version: 1.12.5
[0m11:28:15.562378 [info ] [MainThread]: Configuration:
[0m11:28:15.563077 [info ] [MainThread]:   profiles.yml file [[32mOK found and valid[0m]
[0m11:28:15.563605 [info ] [MainThread]:   dbt_project.yml file [[32mOK found and valid[0m]
[0m11:28:15.564224 [info ] [MainThread]: Required dependencies:
[0m11:28:15.564998 [debug] [MainThread]: Executing "git --help"
[0m11:28:15.640747 [debug] [MainThread]: STDOUT: "b"usage: git [--version] [--help] [-C <path>] [-c <name>=<value>]\n           [--exec-path[=<path>]] [--html-path] [--man-path] [--info-path]\n           [-p | --paginate | -P | --no-pager] [--no-replace-objects] [--bare]\n           [--git-dir=<path>] [--work-tree=<path>] [--namespace=<name>]\n           <command> [<args>]\n\nThese are common Git commands used in various situations:\n\nstart a working area (see also: git help tutorial)\n   clone     Clone a repository into a new directory\n   init      Create an empty Git repository or reinitialize an existing one\n\nwork on the current change (see also: git help everyday)\n   add       Add file contents to the index\n   mv        Move or rename a file, a directory, or a symlink\n   restore   Restore working tree files\n   rm        Remove files from the working tree and from the index\n\nexamine the history and state (see also: git help revisions)\n   bisect    Use binary search to find the commit that introduced a bug\n   diff      Show changes between commits, commit and working tree, etc\n   grep      Print lines matching a pattern\n   log       Show commit logs\n   show      Show various types of objects\n   status    Show the working tree status\n\ngrow, mark and tweak your common history\n   branch    List, create, or delete branches\n   commit    Record changes to the repository\n   merge     Join two or more development histories together\n   rebase    Reapply commits on top of another base tip\n   reset     Reset current HEAD to the specified state\n   switch    Switch branches\n   tag       Create, list, delete or verify a tag object signed with GPG\n\ncollaborate (see also: git help workflows)\n   fetch     Download objects and refs from another repository\n   pull      Fetch from and integrate with another repository or a local branch\n   push      Update remote refs along with associated objects\n\n'git help -a' and 'git help -g' list available subcommands and some\nconcept guides. See 'git help <command>' or 'git help <concept>'\nto read about a specific subcommand or concept.\nSee 'git help git' for an overview of the system.\n""
[0m11:28:15.642082 [debug] [MainThread]: STDERR: "b''"
[0m11:28:15.642964 [info ] [MainThread]:  - git [[32mOK found[0m]

[0m11:28:15.643612 [info ] [MainThread]: Connection:
[0m11:28:15.644203 [info ] [MainThread]:   host: dbc-d1dd759d-3605.cloud.databricks.com
[0m11:28:15.644705 [info ] [MainThread]:   http_path: /sql/1.0/warehouses/e282982f1c77a797
[0m11:28:15.645094 [info ] [MainThread]:   catalog: citibike_dev
[0m11:28:15.645466 [info ] [MainThread]:   schema: gold
[0m11:28:15.646951 [info ] [MainThread]: Registered adapter: databricks=1.12.5
[0m11:28:16.294714 [debug] [MainThread]: Databricks adapter: DatabricksDBTConnection(session-id=None, name=debug) - Creating connection
[0m11:28:16.295522 [debug] [MainThread]: Acquiring new databricks connection 'debug'
[0m11:28:16.773089 [info ] [MainThread]: Databricks adapter:   SPOG host (host_type='workspace'): no
[0m11:28:16.774624 [info ] [MainThread]: Databricks adapter:   workspace_id (from ?o= in http_path): None
[0m11:28:16.775980 [info ] [MainThread]: Databricks adapter:   databricks-sql-connector version: 4.4.0 (supported)
[0m11:28:16.777243 [info ] [MainThread]: Databricks adapter:   databricks-sdk version: 0.117.0 (supported)
[0m11:28:16.778503 [debug] [MainThread]: Using databricks connection "debug"
[0m11:28:16.779369 [debug] [MainThread]: On debug: select 1 as id
[0m11:28:16.780096 [debug] [MainThread]: Opening a new connection, currently in state init
[0m11:28:18.463080 [debug] [MainThread]: Databricks adapter: Connection(session-id=01f1b457-e272-189d-b8d1-28513b4f4ede) - Created
[0m11:28:22.830480 [debug] [MainThread]: SQL status: OK in 6.050 seconds
[0m11:28:22.836143 [debug] [MainThread]: Databricks adapter: Cursor(session-id=01f1b457-e272-189d-b8d1-28513b4f4ede, command-id=01f1b457-e2df-1383-87be-3231fc0b5b3f) - Closing
[0m11:28:23.064951 [debug] [MainThread]: On debug: Close
[0m11:28:23.066583 [debug] [MainThread]: Databricks adapter: Connection(session-id=01f1b457-e272-189d-b8d1-28513b4f4ede) - Closing
[0m11:28:23.189357 [info ] [MainThread]:   Connection test: [[32mOK connection ok[0m]

[0m11:28:23.190684 [info ] [MainThread]: [32mAll checks passed![0m
[0m11:28:23.192543 [info ] [MainThread]: Your new dbt project "citibike_dbt" was created!
Initialized new project in /Users/tomzeng/Desktop/DE_Bike_Project/citibike-data-platform/citibike_dbt/citibike_dbt

For more information on how to configure the profiles.yml file,
please consult the dbt documentation here:

  https://docs.getdbt.com/docs/configure-your-profile

One more thing:

Need help? Don't hesitate to reach out to us via GitHub issues or on Slack:

  https://community.getdbt.com/

Happy modeling!

[0m11:28:23.229988 [debug] [MainThread]: Resource report: {"command_name": "init", "command_success": true, "command_wall_clock_time": 386.79626, "process_in_blocks": "0", "process_kernel_time": 1.630815, "process_mem_max_rss": "219734016", "process_out_blocks": "0", "process_user_time": 6.364755}
[0m11:28:23.232217 [debug] [MainThread]: Command `dbt init` succeeded at 11:28:23.231726 after 386.80 seconds
[0m11:28:23.234396 [debug] [MainThread]: Sending event: {'category': 'dbt', 'action': 'invocation', 'label': 'end', 'context': [<snowplow_tracker.self_describing_json.SelfDescribingJson object at 0x11fe65400>, <snowplow_tracker.self_describing_json.SelfDescribingJson object at 0x113a170e0>, <snowplow_tracker.self_describing_json.SelfDescribingJson object at 0x112b7e480>]}
[0m11:28:23.236296 [debug] [MainThread]: Flushing usage events
[0m11:28:23.655487 [debug] [MainThread]: An error was encountered while trying to flush usage events
